// Vitest Snapshot v1, https://vitest.dev/guide/snapshot.html

exports[`prdToMarkdown > renders markdown with selected sections 1`] = `
"# My PRD

## Problem Statement
P

## Solution Overview
S

## Objectives & Success Metrics
1. O1
2. O2

## User Stories
1. U1
2. U2

## Requirements
1. R1
2. R2

## Completeness
Gemini Score: 85/100
Gaps: Add NFRs

---
*Generated by PM Copilot*"
`;
